// Jest Snapshot v1, https://goo.gl/fbAQLP

exports[`renders homepage unchanged 1`] = `
<div>
  <div
    class="container"
  >
    <div
      role="content_info"
    >
      Name is 
      Jack
    </div>
  </div>
</div>
`;
